// Jest Snapshot v1, https://goo.gl/fbAQLP

exports[`getMoview get box office  1`] = `
[
  {
    "adult": false,
    "formattedReserveRatio": "0.00",
    "formattedSaleRate": "0.00",
    "formattedWeekendAudience": "1,274,184",
    "joinNumber": 0,
    "korGradeList": [
      {
        "code": "1001002",
        "name": "12세 관람가",
      },
    ],
    "lastKoreanGrade": {
      "code": "1001002",
      "name": "12세 관람가",
    },
    "lastUsGrade": null,
    "lendingPossibleYn": false,
    "movieCode": 74977,
    "movieTitle": "아바타: 물의 길",
    "openDate": null,
    "point": "0.00",
    "pointSum": 0,
    "posterImageUrl": "/20221215_185/1671091761840XXpCR_JPEG/movie_image.jpg",
    "reserveRatio": null,
    "salePossibleYn": false,
    "saleRate": null,
    "theater": 0,
    "usGradeList": [],
    "weekendAudience": 1274184,
  },
  {
    "adult": false,
    "formattedReserveRatio": "0.00",
    "formattedSaleRate": "0.00",
    "formattedWeekendAudience": "518,865",
    "joinNumber": 0,
    "korGradeList": [
      {
        "code": "1001002",
        "name": "12세 관람가",
      },
    ],
    "lastKoreanGrade": {
      "code": "1001002",
      "name": "12세 관람가",
    },
    "lastUsGrade": null,
    "lendingPossibleYn": false,
    "movieCode": 184509,
    "movieTitle": "영웅",
    "openDate": null,
    "point": "0.00",
    "pointSum": 0,
    "posterImageUrl": "/20221213_158/1670910727328mpqYu_JPEG/movie_image.jpg",
    "reserveRatio": null,
    "salePossibleYn": false,
    "saleRate": null,
    "theater": 0,
    "usGradeList": [],
    "weekendAudience": 518865,
  },
  {
    "adult": false,
    "formattedReserveRatio": "0.00",
    "formattedSaleRate": "0.00",
    "formattedWeekendAudience": "99,110",
    "joinNumber": 0,
    "korGradeList": [
      {
        "code": "1001003",
        "name": "15세 관람가",
      },
    ],
    "lastKoreanGrade": {
      "code": "1001003",
      "name": "15세 관람가",
    },
    "lastUsGrade": null,
    "lendingPossibleYn": false,
    "movieCode": 208508,
    "movieTitle": "젠틀맨",
    "openDate": null,
    "point": "0.00",
    "pointSum": 0,
    "posterImageUrl": "/20221228_75/1672203377094bQgf9_JPEG/movie_image.jpg",
    "reserveRatio": null,
    "salePossibleYn": false,
    "saleRate": null,
    "theater": 0,
    "usGradeList": [],
    "weekendAudience": 99110,
  },
  {
    "adult": false,
    "formattedReserveRatio": "0.00",
    "formattedSaleRate": "0.00",
    "formattedWeekendAudience": "91,483",
    "joinNumber": 0,
    "korGradeList": [
      {
        "code": "1001002",
        "name": "12세 관람가",
      },
    ],
    "lastKoreanGrade": {
      "code": "1001002",
      "name": "12세 관람가",
    },
    "lastUsGrade": null,
    "lendingPossibleYn": false,
    "movieCode": 220733,
    "movieTitle": "오늘 밤, 세계에서 이 사랑이 사라진다 해도",
    "openDate": null,
    "point": "0.00",
    "pointSum": 0,
    "posterImageUrl": "/20221104_258/1667527490266scSO3_JPEG/movie_image.jpg",
    "reserveRatio": null,
    "salePossibleYn": false,
    "saleRate": null,
    "theater": 0,
    "usGradeList": [],
    "weekendAudience": 91483,
  },
  {
    "adult": false,
    "formattedReserveRatio": "0.00",
    "formattedSaleRate": "0.00",
    "formattedWeekendAudience": "77,160",
    "joinNumber": 0,
    "korGradeList": [
      {
        "code": "1001003",
        "name": "15세 관람가",
      },
    ],
    "lastKoreanGrade": {
      "code": "1001003",
      "name": "15세 관람가",
    },
    "lastUsGrade": null,
    "lendingPossibleYn": false,
    "movieCode": 222301,
    "movieTitle": "올빼미",
    "openDate": null,
    "point": "0.00",
    "pointSum": 0,
    "posterImageUrl": "/20221123_65/1669168819647KdX9K_JPEG/movie_image.jpg",
    "reserveRatio": null,
    "salePossibleYn": false,
    "saleRate": null,
    "theater": 0,
    "usGradeList": [],
    "weekendAudience": 77160,
  },
  {
    "adult": false,
    "formattedReserveRatio": "0.00",
    "formattedSaleRate": "0.00",
    "formattedWeekendAudience": "47,672",
    "joinNumber": 0,
    "korGradeList": [
      {
        "code": "1001001",
        "name": "전체 관람가",
      },
    ],
    "lastKoreanGrade": {
      "code": "1001001",
      "name": "전체 관람가",
    },
    "lastUsGrade": null,
    "lendingPossibleYn": false,
    "movieCode": 223799,
    "movieTitle": "신비아파트 극장판 차원도깨비와 7개의 세계",
    "openDate": null,
    "point": "0.00",
    "pointSum": 0,
    "posterImageUrl": "/20221212_211/1670833558390SLzsN_JPEG/movie_image.jpg",
    "reserveRatio": null,
    "salePossibleYn": false,
    "saleRate": null,
    "theater": 0,
    "usGradeList": [],
    "weekendAudience": 47672,
  },
  {
    "adult": false,
    "formattedReserveRatio": "0.00",
    "formattedSaleRate": "0.00",
    "formattedWeekendAudience": "22,991",
    "joinNumber": 0,
    "korGradeList": [
      {
        "code": "1001001",
        "name": "전체 관람가",
      },
    ],
    "lastKoreanGrade": {
      "code": "1001001",
      "name": "전체 관람가",
    },
    "lastUsGrade": null,
    "lendingPossibleYn": false,
    "movieCode": 224788,
    "movieTitle": "눈의 여왕5: 스노우 프린세스와 미러랜드의 비밀",
    "openDate": null,
    "point": "0.00",
    "pointSum": 0,
    "posterImageUrl": "/20221221_206/16715988070200qULF_JPEG/movie_image.jpg",
    "reserveRatio": null,
    "salePossibleYn": false,
    "saleRate": null,
    "theater": 0,
    "usGradeList": [],
    "weekendAudience": 22991,
  },
  {
    "adult": false,
    "formattedReserveRatio": "0.00",
    "formattedSaleRate": "0.00",
    "formattedWeekendAudience": "19,315",
    "joinNumber": 0,
    "korGradeList": [
      {
        "code": "1001002",
        "name": "12세 관람가",
      },
    ],
    "lastKoreanGrade": {
      "code": "1001002",
      "name": "12세 관람가",
    },
    "lastUsGrade": null,
    "lendingPossibleYn": false,
    "movieCode": 201642,
    "movieTitle": "스위치",
    "openDate": null,
    "point": "0.00",
    "pointSum": 0,
    "posterImageUrl": "/20230104_71/1672799791128mA8Km_JPEG/movie_image.jpg",
    "reserveRatio": null,
    "salePossibleYn": false,
    "saleRate": null,
    "theater": 0,
    "usGradeList": [],
    "weekendAudience": 19315,
  },
  {
    "adult": false,
    "formattedReserveRatio": "0.00",
    "formattedSaleRate": "0.00",
    "formattedWeekendAudience": "15,362",
    "joinNumber": 0,
    "korGradeList": [
      {
        "code": "1001001",
        "name": "전체 관람가",
      },
    ],
    "lastKoreanGrade": {
      "code": "1001001",
      "name": "전체 관람가",
    },
    "lastUsGrade": null,
    "lendingPossibleYn": false,
    "movieCode": 222337,
    "movieTitle": "몬스터 신부: 101번째 프로포즈",
    "openDate": null,
    "point": "0.00",
    "pointSum": 0,
    "posterImageUrl": "/20221208_79/1670484193384Wix0b_JPEG/movie_image.jpg",
    "reserveRatio": null,
    "salePossibleYn": false,
    "saleRate": null,
    "theater": 0,
    "usGradeList": [],
    "weekendAudience": 15362,
  },
  {
    "adult": false,
    "formattedReserveRatio": "0.00",
    "formattedSaleRate": "0.00",
    "formattedWeekendAudience": "11,967",
    "joinNumber": 0,
    "lastUsGrade": null,
    "lendingPossibleYn": false,
    "movieCode": 222543,
    "movieTitle": "극장판 뽀로로와 친구들: 바이러스를 없애줘!",
    "openDate": null,
    "point": "0.00",
    "pointSum": 0,
    "posterImageUrl": "/20221108_225/1667872338018ez9cs_JPEG/movie_image.jpg",
    "reserveRatio": null,
    "salePossibleYn": false,
    "saleRate": null,
    "theater": 0,
    "usGradeList": [],
    "weekendAudience": 11967,
  },
]
`;
